// Jest Snapshot v1, https://goo.gl/fbAQLP

exports[`<Select /> should render select options in body if props.isInModal is true 1`] = `
<div>
  <div
    class="select-wrapper"
  >
    <div
      class="select-component css-b62m3t-container"
    >
      <span
        class="css-1f43avz-a11yText-A11yText"
        id="react-select-7-live-region"
      />
      <span
        aria-atomic="false"
        aria-live="polite"
        aria-relevant="additions text"
        class="css-1f43avz-a11yText-A11yText"
      />
      <div
        class="select-component__control select-component__control--menu-is-open css-1gljybl-control"
      >
        <div
          class="select-component__value-container css-12htazg-ValueContainer"
        >
          <div
            class="select-component__placeholder css-14el2xx-placeholder"
            id="react-select-7-placeholder"
          >
            Select...
          </div>
          <div
            class="select-component__input-container css-6j8wv5-Input"
            data-value=""
          >
            <input
              aria-autocomplete="list"
              aria-controls="react-select-7-listbox"
              aria-describedby="react-select-7-placeholder"
              aria-expanded="true"
              aria-haspopup="true"
              aria-owns="react-select-7-listbox"
              autocapitalize="none"
              autocomplete="off"
              autocorrect="off"
              class="select-component__input"
              id="react-select-7-input"
              role="combobox"
              spellcheck="false"
              style="opacity: 1; width: 100%; grid-area: 1 / 2; min-width: 2px; border: 0px; margin: 0px; outline: 0; padding: 0px;"
              tabindex="0"
              type="text"
              value=""
            />
          </div>
        </div>
        <div
          class="select-component__indicators css-1hb7zxy-IndicatorsContainer"
        >
          <span
            class="select-component__indicator-separator css-43ykx9-indicatorSeparator"
          />
          <div
            aria-hidden="true"
            class="select-component__indicator select-component__dropdown-indicator css-171ess4-indicatorContainer"
          >
            <div
              class="caret-icon"
            />
          </div>
        </div>
      </div>
    </div>
  </div>
</div>
`;
